falgen: 26 to generate, 0 already on disk
  OK   hero-gunmetal-anvil  1024x576  335KB
  OK   tex-brushed-gunmetal  1024x1024  615KB
  OK   tex-machined-swirl  1024x1024  780KB
  OK   tex-knurled-grip  1024x1024  583KB
  OK   tex-tread-plate  1024x1024  645KB
  OK   tex-perforated-mesh  1024x1024  751KB
  OK   tex-scratched-steel  1024x1024  797KB
  OK   cat-glass-bongs  1024x1024  412KB
  OK   cat-glass-pipes  1024x1024  449KB
  OK   cat-glass-bangers  1024x1024  512KB
  OK   cat-rolling-papers  1024x1024  533KB
  OK   cat-pre-rolled-cones  1024x1024  520KB
  OK   cat-blunt-wraps  1024x1024  578KB
  OK   cat-disposable-vapes  1024x1024  417KB
  OK   cat-wax-pens  1024x1024  415KB
  OK   cat-grinders  1024x1024  482KB
  OK   cat-lighters  1024x1024  481KB
  OK   cat-mushroom-wellness  1024x1024  629KB
  OK   cat-edibles  1024x1024  559KB
  OK   cat-tinctures  1024x1024  448KB
  OK   cat-topicals  1024x1024  479KB
  OK   cat-kratom  1024x1024  669KB
  OK   cat-pet-treats  1024x1024  490KB
  OK   cat-stash-bags  1024x1024  461KB
  OK   cat-herb-containers  1024x1024  424KB
  OK   cat-accessories  1024x1024  656KB
falgen: 26 generated, 0 failed -> C:\Users\Dell\smokeshopgurus-reforge\src\assets\generated\provenance.json
